#-----------------------------------------------------------
# Vivado v2022.1 (64-bit)
# SW Build 3526262 on Mon Apr 18 15:48:16 MDT 2022
# IP Build 3524634 on Mon Apr 18 20:55:01 MDT 2022
# Start of session at: Tue Dec  6 00:11:42 2022
# Process ID: 1200
# Current directory: C:/Users/D323/Sobel_edge_detection/Sobel_edge_detection/Sobel_edge_detection/Sobel_edge_detection/Sobel_edge_detection.runs/synth_1
# Command line: vivado.exe -log Canny_Edge_Detection.vds -product Vivado -mode batch -messageDb vivado.pb -notrace -source Canny_Edge_Detection.tcl
# Log file: C:/Users/D323/Sobel_edge_detection/Sobel_edge_detection/Sobel_edge_detection/Sobel_edge_detection/Sobel_edge_detection.runs/synth_1/Canny_Edge_Detection.vds
# Journal file: C:/Users/D323/Sobel_edge_detection/Sobel_edge_detection/Sobel_edge_detection/Sobel_edge_detection/Sobel_edge_detection.runs/synth_1\vivado.jou
# Running On: yw, OS: Windows, CPU Frequency: 3504 MHz, CPU Physical cores: 4, Host memory: 8527 MB
#-----------------------------------------------------------
source Canny_Edge_Detection.tcl -notrace
